------------------------------------------------------------
Timing Analyzer Summary
------------------------------------------------------------

Type  : Slow 1200mV 85C Model Setup 'i_clock|altpll_component|auto_generated|pll1|clk[0]'
Slack : -0.068
TNS   : -0.134

Type  : Slow 1200mV 85C Model Setup 'i_clock|altpll_component|auto_generated|pll1|clk[1]'
Slack : 30.962
TNS   : 0.000

Type  : Slow 1200mV 85C Model Hold 'i_clock|altpll_component|auto_generated|pll1|clk[0]'
Slack : 0.384
TNS   : 0.000

Type  : Slow 1200mV 85C Model Hold 'i_clock|altpll_component|auto_generated|pll1|clk[1]'
Slack : 0.406
TNS   : 0.000

Type  : Slow 1200mV 85C Model Recovery 'i_clock|altpll_component|auto_generated|pll1|clk[1]'
Slack : 29.529
TNS   : 0.000

Type  : Slow 1200mV 85C Model Recovery 'i_clock|altpll_component|auto_generated|pll1|clk[0]'
Slack : 29.573
TNS   : 0.000

Type  : Slow 1200mV 85C Model Removal 'i_clock|altpll_component|auto_generated|pll1|clk[0]'
Slack : 1.024
TNS   : 0.000

Type  : Slow 1200mV 85C Model Removal 'i_clock|altpll_component|auto_generated|pll1|clk[1]'
Slack : 3.009
TNS   : 0.000

Type  : Slow 1200mV 85C Model Minimum Pulse Width 'CLOCK_50'
Slack : 9.819
TNS   : 0.000

Type  : Slow 1200mV 85C Model Minimum Pulse Width 'CLOCK2_50'
Slack : 16.000
TNS   : 0.000

Type  : Slow 1200mV 85C Model Minimum Pulse Width 'CLOCK3_50'
Slack : 16.000
TNS   : 0.000

Type  : Slow 1200mV 85C Model Minimum Pulse Width 'i_clock|altpll_component|auto_generated|pll1|clk[0]'
Slack : 16.363
TNS   : 0.000

Type  : Slow 1200mV 85C Model Minimum Pulse Width 'i_clock|altpll_component|auto_generated|pll1|clk[1]'
Slack : 1666.374
TNS   : 0.000

Type  : Slow 1200mV 0C Model Setup 'i_clock|altpll_component|auto_generated|pll1|clk[0]'
Slack : 2.555
TNS   : 0.000

Type  : Slow 1200mV 0C Model Setup 'i_clock|altpll_component|auto_generated|pll1|clk[1]'
Slack : 31.182
TNS   : 0.000

Type  : Slow 1200mV 0C Model Hold 'i_clock|altpll_component|auto_generated|pll1|clk[0]'
Slack : 0.337
TNS   : 0.000

Type  : Slow 1200mV 0C Model Hold 'i_clock|altpll_component|auto_generated|pll1|clk[1]'
Slack : 0.364
TNS   : 0.000

Type  : Slow 1200mV 0C Model Recovery 'i_clock|altpll_component|auto_generated|pll1|clk[1]'
Slack : 29.919
TNS   : 0.000

Type  : Slow 1200mV 0C Model Recovery 'i_clock|altpll_component|auto_generated|pll1|clk[0]'
Slack : 29.949
TNS   : 0.000

Type  : Slow 1200mV 0C Model Removal 'i_clock|altpll_component|auto_generated|pll1|clk[0]'
Slack : 0.934
TNS   : 0.000

Type  : Slow 1200mV 0C Model Removal 'i_clock|altpll_component|auto_generated|pll1|clk[1]'
Slack : 2.680
TNS   : 0.000

Type  : Slow 1200mV 0C Model Minimum Pulse Width 'CLOCK_50'
Slack : 9.799
TNS   : 0.000

Type  : Slow 1200mV 0C Model Minimum Pulse Width 'CLOCK2_50'
Slack : 16.000
TNS   : 0.000

Type  : Slow 1200mV 0C Model Minimum Pulse Width 'CLOCK3_50'
Slack : 16.000
TNS   : 0.000

Type  : Slow 1200mV 0C Model Minimum Pulse Width 'i_clock|altpll_component|auto_generated|pll1|clk[0]'
Slack : 16.353
TNS   : 0.000

Type  : Slow 1200mV 0C Model Minimum Pulse Width 'i_clock|altpll_component|auto_generated|pll1|clk[1]'
Slack : 1666.375
TNS   : 0.000

Type  : Fast 1200mV 0C Model Setup 'i_clock|altpll_component|auto_generated|pll1|clk[0]'
Slack : 16.481
TNS   : 0.000

Type  : Fast 1200mV 0C Model Setup 'i_clock|altpll_component|auto_generated|pll1|clk[1]'
Slack : 32.157
TNS   : 0.000

Type  : Fast 1200mV 0C Model Hold 'i_clock|altpll_component|auto_generated|pll1|clk[0]'
Slack : 0.172
TNS   : 0.000

Type  : Fast 1200mV 0C Model Hold 'i_clock|altpll_component|auto_generated|pll1|clk[1]'
Slack : 0.188
TNS   : 0.000

Type  : Fast 1200mV 0C Model Recovery 'i_clock|altpll_component|auto_generated|pll1|clk[1]'
Slack : 31.304
TNS   : 0.000

Type  : Fast 1200mV 0C Model Recovery 'i_clock|altpll_component|auto_generated|pll1|clk[0]'
Slack : 31.310
TNS   : 0.000

Type  : Fast 1200mV 0C Model Removal 'i_clock|altpll_component|auto_generated|pll1|clk[0]'
Slack : 0.484
TNS   : 0.000

Type  : Fast 1200mV 0C Model Removal 'i_clock|altpll_component|auto_generated|pll1|clk[1]'
Slack : 1.533
TNS   : 0.000

Type  : Fast 1200mV 0C Model Minimum Pulse Width 'CLOCK_50'
Slack : 9.400
TNS   : 0.000

Type  : Fast 1200mV 0C Model Minimum Pulse Width 'CLOCK2_50'
Slack : 16.000
TNS   : 0.000

Type  : Fast 1200mV 0C Model Minimum Pulse Width 'CLOCK3_50'
Slack : 16.000
TNS   : 0.000

Type  : Fast 1200mV 0C Model Minimum Pulse Width 'i_clock|altpll_component|auto_generated|pll1|clk[0]'
Slack : 16.417
TNS   : 0.000

Type  : Fast 1200mV 0C Model Minimum Pulse Width 'i_clock|altpll_component|auto_generated|pll1|clk[1]'
Slack : 1666.447
TNS   : 0.000

------------------------------------------------------------
