------------------------------------------------------------
Timing Analyzer Summary
------------------------------------------------------------

Type  : Slow 1200mV 85C Model Setup 'i_clock|altpll_component|auto_generated|pll1|clk[0]'
Slack : 4.264
TNS   : 0.000

Type  : Slow 1200mV 85C Model Setup 'i_clock|altpll_component|auto_generated|pll1|clk[1]'
Slack : 31.021
TNS   : 0.000

Type  : Slow 1200mV 85C Model Hold 'i_clock|altpll_component|auto_generated|pll1|clk[0]'
Slack : 0.383
TNS   : 0.000

Type  : Slow 1200mV 85C Model Hold 'i_clock|altpll_component|auto_generated|pll1|clk[1]'
Slack : 0.407
TNS   : 0.000

Type  : Slow 1200mV 85C Model Recovery 'i_clock|altpll_component|auto_generated|pll1|clk[1]'
Slack : 29.815
TNS   : 0.000

Type  : Slow 1200mV 85C Model Recovery 'i_clock|altpll_component|auto_generated|pll1|clk[0]'
Slack : 29.849
TNS   : 0.000

Type  : Slow 1200mV 85C Model Removal 'i_clock|altpll_component|auto_generated|pll1|clk[0]'
Slack : 1.023
TNS   : 0.000

Type  : Slow 1200mV 85C Model Removal 'i_clock|altpll_component|auto_generated|pll1|clk[1]'
Slack : 2.720
TNS   : 0.000

Type  : Slow 1200mV 85C Model Minimum Pulse Width 'CLOCK_50'
Slack : 9.819
TNS   : 0.000

Type  : Slow 1200mV 85C Model Minimum Pulse Width 'CLOCK2_50'
Slack : 16.000
TNS   : 0.000

Type  : Slow 1200mV 85C Model Minimum Pulse Width 'CLOCK3_50'
Slack : 16.000
TNS   : 0.000

Type  : Slow 1200mV 85C Model Minimum Pulse Width 'i_clock|altpll_component|auto_generated|pll1|clk[0]'
Slack : 16.362
TNS   : 0.000

Type  : Slow 1200mV 85C Model Minimum Pulse Width 'i_clock|altpll_component|auto_generated|pll1|clk[1]'
Slack : 1666.374
TNS   : 0.000

Type  : Slow 1200mV 0C Model Setup 'i_clock|altpll_component|auto_generated|pll1|clk[0]'
Slack : 6.692
TNS   : 0.000

Type  : Slow 1200mV 0C Model Setup 'i_clock|altpll_component|auto_generated|pll1|clk[1]'
Slack : 31.206
TNS   : 0.000

Type  : Slow 1200mV 0C Model Hold 'i_clock|altpll_component|auto_generated|pll1|clk[0]'
Slack : 0.336
TNS   : 0.000

Type  : Slow 1200mV 0C Model Hold 'i_clock|altpll_component|auto_generated|pll1|clk[1]'
Slack : 0.365
TNS   : 0.000

Type  : Slow 1200mV 0C Model Recovery 'i_clock|altpll_component|auto_generated|pll1|clk[1]'
Slack : 30.206
TNS   : 0.000

Type  : Slow 1200mV 0C Model Recovery 'i_clock|altpll_component|auto_generated|pll1|clk[0]'
Slack : 30.226
TNS   : 0.000

Type  : Slow 1200mV 0C Model Removal 'i_clock|altpll_component|auto_generated|pll1|clk[0]'
Slack : 0.934
TNS   : 0.000

Type  : Slow 1200mV 0C Model Removal 'i_clock|altpll_component|auto_generated|pll1|clk[1]'
Slack : 2.431
TNS   : 0.000

Type  : Slow 1200mV 0C Model Minimum Pulse Width 'CLOCK_50'
Slack : 9.799
TNS   : 0.000

Type  : Slow 1200mV 0C Model Minimum Pulse Width 'CLOCK2_50'
Slack : 16.000
TNS   : 0.000

Type  : Slow 1200mV 0C Model Minimum Pulse Width 'CLOCK3_50'
Slack : 16.000
TNS   : 0.000

Type  : Slow 1200mV 0C Model Minimum Pulse Width 'i_clock|altpll_component|auto_generated|pll1|clk[0]'
Slack : 16.353
TNS   : 0.000

Type  : Slow 1200mV 0C Model Minimum Pulse Width 'i_clock|altpll_component|auto_generated|pll1|clk[1]'
Slack : 1666.376
TNS   : 0.000

Type  : Fast 1200mV 0C Model Setup 'i_clock|altpll_component|auto_generated|pll1|clk[0]'
Slack : 18.647
TNS   : 0.000

Type  : Fast 1200mV 0C Model Setup 'i_clock|altpll_component|auto_generated|pll1|clk[1]'
Slack : 32.210
TNS   : 0.000

Type  : Fast 1200mV 0C Model Hold 'i_clock|altpll_component|auto_generated|pll1|clk[0]'
Slack : 0.172
TNS   : 0.000

Type  : Fast 1200mV 0C Model Hold 'i_clock|altpll_component|auto_generated|pll1|clk[1]'
Slack : 0.188
TNS   : 0.000

Type  : Fast 1200mV 0C Model Recovery 'i_clock|altpll_component|auto_generated|pll1|clk[0]'
Slack : 31.460
TNS   : 0.000

Type  : Fast 1200mV 0C Model Recovery 'i_clock|altpll_component|auto_generated|pll1|clk[1]'
Slack : 31.461
TNS   : 0.000

Type  : Fast 1200mV 0C Model Removal 'i_clock|altpll_component|auto_generated|pll1|clk[0]'
Slack : 0.484
TNS   : 0.000

Type  : Fast 1200mV 0C Model Removal 'i_clock|altpll_component|auto_generated|pll1|clk[1]'
Slack : 1.396
TNS   : 0.000

Type  : Fast 1200mV 0C Model Minimum Pulse Width 'CLOCK_50'
Slack : 9.400
TNS   : 0.000

Type  : Fast 1200mV 0C Model Minimum Pulse Width 'CLOCK2_50'
Slack : 16.000
TNS   : 0.000

Type  : Fast 1200mV 0C Model Minimum Pulse Width 'CLOCK3_50'
Slack : 16.000
TNS   : 0.000

Type  : Fast 1200mV 0C Model Minimum Pulse Width 'i_clock|altpll_component|auto_generated|pll1|clk[0]'
Slack : 16.417
TNS   : 0.000

Type  : Fast 1200mV 0C Model Minimum Pulse Width 'i_clock|altpll_component|auto_generated|pll1|clk[1]'
Slack : 1666.445
TNS   : 0.000

------------------------------------------------------------
